
[Incubating] Problems report is available at: file:///C:/Users/user1/Documents/Github/lms-platform/build/reports/problems/problems-report.html
.\gradlew : 
위치 줄:1 문자:1
+ .\gradlew compileJava > build_output.txt 2>&1
+ ~~~~~~~~~~~~~~~~~~~~~~~~~~~~~~~~~~~~~~~~~~~~~
    + CategoryInfo          : NotSpecified: (:String) [], RemoteExceptio 
   n
    + FullyQualifiedErrorId : NativeCommandError
 

FAILURE: Build failed with an exception.

* What went wrong:
A problem occurred configuring root project 'lms-platform'.
> Could not resolve all artifacts for configuration 'classpath'.
   > Could not resolve org.springframework.boot:spring-boot-gradle-plugin
:3.5.9.
     Required by:
         root project : > org.springframework.boot:org.springframework.bo
ot.gradle.plugin:3.5.9
      > Dependency requires at least JVM runtime version 17. This build u
ses a Java 8 JVM.

* Try:
> Run this build using a Java 17 or newer JVM.
> Run with --stacktrace option to get the stack trace.
> Run with --info or --debug option to get more log output.
> Run with --scan to get full insights.
> Get more help at https://help.gradle.org.
Deprecated Gradle features were used in this build, making it incompatible with Gradle 9.0.

You can use '--warning-mode all' to show the individual deprecation warnings and determine if they come from your own scripts or plugins.

For more on this, please refer to https://docs.gradle.org/8.14.3/userguide/command_line_interface.html#sec:command_line_warnings in the Gradle documentation.

BUILD FAILED in 1s
